.........................................                                                                   [100%]
41 passed, 37 subtests passed in 5.60s
